// Jest Snapshot v1, https://goo.gl/fbAQLP

exports[`Create new messages Should render the new conversations 1`] = `"<form><a class=\\"backBtn\\" href=\\"/Profile\\">Back</a><h1>Start new chat</h1><div><label>To <input type=\\"text\\" placeholder=\\"text\\" value=\\"\\"></label></div><div><label>Text <input type=\\"text\\" placeholder=\\"text\\" value=\\"\\"></label></div><div><label>Time <input type=\\"number\\" placeholder=\\"number\\" value=\\"\\"></label></div><button>Submit</button></form>,"`;
